#-----------------------------------------------------------
# Webtalk v2020.1 (64-bit)
# SW Build 2902540 on Wed May 27 19:54:49 MDT 2020
# IP Build 2902112 on Wed May 27 22:43:36 MDT 2020
# Start of session at: Mon Mar 14 19:22:47 2022
# Process ID: 1504
# Current directory: C:/Xilinx/Vivado/Laboratoare_CID/data_clock_alligned/data_clock_alligned.sim/sim_1/behav/xsim
# Command line: wbtcv.exe -mode batch -source C:/Xilinx/Vivado/Laboratoare_CID/data_clock_alligned/data_clock_alligned.sim/sim_1/behav/xsim/xsim.dir/data_clock_alligned_behav/webtalk/xsim_webtalk.tcl -notrace
# Log file: C:/Xilinx/Vivado/Laboratoare_CID/data_clock_alligned/data_clock_alligned.sim/sim_1/behav/xsim/webtalk.log
# Journal file: C:/Xilinx/Vivado/Laboratoare_CID/data_clock_alligned/data_clock_alligned.sim/sim_1/behav/xsim\webtalk.jou
#-----------------------------------------------------------
source C:/Xilinx/Vivado/Laboratoare_CID/data_clock_alligned/data_clock_alligned.sim/sim_1/behav/xsim/xsim.dir/data_clock_alligned_behav/webtalk/xsim_webtalk.tcl -notrace
